%!Adobe-FontList 1.22
%Locale:0x412

%BeginFont
Handler:DirectoryHandler
FontType:Invalid
OutlineFileName:C:\Users\user\Desktop\bluebottle\Font\Ahmet Altun  HalisGRBlack.woff
FileModTime:1633916079
%EndFont

%BeginFont
Handler:DirectoryHandler
FontType:Invalid
OutlineFileName:C:\Users\user\Desktop\bluebottle\Font\Ahmet Altun  HalisGRBlackItalic.woff
FileModTime:1633916079
%EndFont

%BeginFont
Handler:DirectoryHandler
FontType:Invalid
OutlineFileName:C:\Users\user\Desktop\bluebottle\Font\Ahmet Altun  HalisGRBold.woff
FileModTime:1633916079
%EndFont

%BeginFont
Handler:DirectoryHandler
FontType:Invalid
OutlineFileName:C:\Users\user\Desktop\bluebottle\Font\Ahmet Altun  HalisGRBoldItalic.woff
FileModTime:1633916079
%EndFont

%BeginFont
Handler:DirectoryHandler
FontType:Invalid
OutlineFileName:C:\Users\user\Desktop\bluebottle\Font\Ahmet Altun  HalisGRBook.woff
FileModTime:1633916079
%EndFont

%BeginFont
Handler:DirectoryHandler
FontType:Invalid
OutlineFileName:C:\Users\user\Desktop\bluebottle\Font\Ahmet Altun  HalisGRBookItalic.woff
FileModTime:1633916079
%EndFont

%BeginFont
Handler:DirectoryHandler
FontType:Invalid
OutlineFileName:C:\Users\user\Desktop\bluebottle\Font\Ahmet Altun  HalisGRExtraLight.woff
FileModTime:1633916079
%EndFont

%BeginFont
Handler:DirectoryHandler
FontType:Invalid
OutlineFileName:C:\Users\user\Desktop\bluebottle\Font\Ahmet Altun  HalisGRExtraLightItalic.woff
FileModTime:1633916079
%EndFont

%BeginFont
Handler:DirectoryHandler
FontType:Invalid
OutlineFileName:C:\Users\user\Desktop\bluebottle\Font\Ahmet Altun  HalisGRLight.woff
FileModTime:1633916079
%EndFont

%BeginFont
Handler:DirectoryHandler
FontType:Invalid
OutlineFileName:C:\Users\user\Desktop\bluebottle\Font\Ahmet Altun  HalisGRLightItalic.woff
FileModTime:1633916079
%EndFont

%BeginFont
Handler:DirectoryHandler
FontType:Invalid
OutlineFileName:C:\Users\user\Desktop\bluebottle\Font\Ahmet Altun  HalisGRMedium.woff
FileModTime:1633916079
%EndFont

%BeginFont
Handler:DirectoryHandler
FontType:Invalid
OutlineFileName:C:\Users\user\Desktop\bluebottle\Font\Ahmet Altun  HalisGRMediumItalic.woff
FileModTime:1633916079
%EndFont

%BeginFont
Handler:DirectoryHandler
FontType:Invalid
OutlineFileName:C:\Users\user\Desktop\bluebottle\Font\Ahmet Altun  HalisGRRegular.woff
FileModTime:1633916079
%EndFont

%BeginFont
Handler:DirectoryHandler
FontType:Invalid
OutlineFileName:C:\Users\user\Desktop\bluebottle\Font\Ahmet Altun  HalisGRRegularItalic.woff
FileModTime:1633916079
%EndFont

%BeginFont
Handler:DirectoryHandler
FontType:Invalid
OutlineFileName:C:\Users\user\Desktop\bluebottle\Font\Ahmet Altun  HalisGRThin.woff
FileModTime:1633916079
%EndFont

%BeginFont
Handler:DirectoryHandler
FontType:Invalid
OutlineFileName:C:\Users\user\Desktop\bluebottle\Font\Ahmet Altun  HalisGRThinItalic.woff
FileModTime:1633916079
%EndFont

